// Vitest Snapshot v1, https://vitest.dev/guide/snapshot.html

exports[`templates > 'weapp-vite-tailwindcss-tdesign-templa…' > wxml 1`] = `
"<view class="min-h-screen bg-gray-100 text-slate-800 transition-colors duration-500">
  <view class="flex flex-col items-center pt-20 space-y-10">
    <view class="flex space-x-8">
      <view class="w-24 h-24 bg-_url_httpscssvitedicebreakerdtopslogodpng__ bg-_lengthc100p_100p_ bg-no-repeat"></view>
      <view class="w-32 h-24 bg-_url_httpscssvitedicebreakerdtopstw-logodpng__ bg-_lengthc100p_100p_ bg-no-repeat"></view>
    </view>
    <view class="bg-gradient-to-r from-green-400 to-sky-400 bg-clip-text text-xl font-extrabold text-transparent underline">weapp-vite &amp; weapp-tailwindcss</view>
    <view class="i-mdi-moon-waxing-crescent text-8xl"></view>
    <view class="underline">https://vite.icebreaker.top</view>
    <view class="underline">https://tw.icebreaker.top/</view>
    <view>
      <button
        app-parameter=""
        data-custom="null"
        form-type=""
        hover-class="t-button--hover"
        hover-start-time="20"
        hover-stay-time="70"
        lang=""
        open-type=""
        send-message-img="截图"
        send-message-path="当前分享路径"
        send-message-title="当前标题"
        session-from=""
        style=""
        class="t-button button--t-button t-button--base button--t-button--base t-button--primary button--t-button--primary t-button--rectangle button--t-button--rectangle t-button--size-medium button--t-button--size-medium t-button--ghost button--t-button--ghost"
        role="button"
        aria-disabled="false">
        <view class="t-button__content button--t-button__content">TDesign Button</view>
      </button>
    </view>
  </view>
  <view class="t-action-sheet sheet--t-action-sheet" id="f2bea560--t-action-sheet" style=""></view>
</view>
.luna-dom-highlighter{position:fixed;left:0;top:0;width:100%;height:100%;z-index:100000;pointer-events:none;font-size:13px}.luna-dom-highlighter-fill{position:absolute;top:0;right:0;bottom:0;left:0}.luna-dom-highlighter-platform-linux{font-family:Roboto,Ubuntu,Arial,sans-serif}.luna-dom-highlighter-platform-mac{color:#303942;font-family:'.SFNSDisplay-Regular','Helvetica
Neue','Lucida Grande',sans-serif}.luna-dom-highlighter-platform-windows{font-family:'Segoe
UI',Tahoma,sans-serif}.luna-dom-highlighter-px{color:gray}#luna-dom-highlighter-element-title{position:absolute;z-index:10}.luna-dom-highlighter-tooltip-content{position:absolute;-webkit-user-select:none;-moz-user-select:none;user-select:none;background-color:#fff;padding:5px
8px;border:1px solid #fff;border-radius:3px;box-sizing:border-box;min-width:100px;max-width:min(300px,100% -
4px);z-index:2;background-clip:padding-box;will-change:transform;text-rendering:optimizeLegibility;pointer-events:none;filter:drop-shadow(0 2px 4px
rgba(0,0,0,.35))}.luna-dom-highlighter-tooltip-content
.luna-dom-highlighter-tooltip-arrow{background:#fff;width:15px;height:8px;position:absolute}.luna-dom-highlighter-element-info-section{margin-top:12px;margin-bottom:6px}.luna-dom-highlighter-section-name{color:#333;font-weight:500;font-size:10px;text-transform:uppercase;letter-spacing:.05em;line-height:12px}.luna-dom-highlighter-element-info{display:flex;flex-direction:column}.luna-dom-highlighter-element-info-header{display:flex;align-items:center}.luna-dom-highlighter-element-info-body{display:flex;flex-direction:column;padding-top:2px;margin-top:2px}.luna-dom-highlighter-element-info-row{display:flex;line-height:19px}.luna-dom-highlighter-separator-container{display:flex;align-items:center;flex:auto;margin-left:7px}.luna-dom-highlighter-separator{border-top:1px
solid
#ddd;width:100%}.luna-dom-highlighter-element-info-name{flex-shrink:0;color:#666}.luna-dom-highlighter-element-info-gap{flex:auto}.luna-dom-highlighter-element-info-value-color{display:flex;color:#303942;margin-left:10px;align-items:baseline}.luna-dom-highlighter-a11y-icon{width:16px;height:16px;background-repeat:no-repeat;display:inline-block}.luna-dom-highlighter-element-info-value-contrast{display:flex;align-items:center;text-align:right;color:#303942;margin-left:10px}.luna-dom-highlighter-element-info-value-contrast
.luna-dom-highlighter-a11y-icon{margin-left:8px}.luna-dom-highlighter-element-info-value-icon{display:flex;align-items:center}.luna-dom-highlighter-element-info-value-text{text-align:right;color:#303942;margin-left:10px;align-items:baseline;overflow:hidden;text-overflow:ellipsis;white-space:nowrap}.luna-dom-highlighter-color-swatch{display:flex;margin-right:2px;width:10px;height:10px;background-image:url(data:image/png;base64,iVBORw0KGgoAAAANSUhEUgAAAAwAAAAMCAIAAADZF8uwAAAAGUlEQVQYV2M4gwH+YwCGIasIUwhT25BVBADtzYNYrHvv4gAAAABJRU5ErkJggg==);line-height:10px}.luna-dom-highlighter-color-swatch-inner{flex:auto;border:1px
solid
#808002}.luna-dom-highlighter-element-layout-type{margin-right:10px;width:16px;height:16px}.luna-dom-highlighter-element-layout-type.luna-dom-highlighter-grid{background-image:url('data:image/svg+xml,')}.luna-dom-highlighter-element-layout-type.luna-dom-highlighter-flex{background-image:url('data:image/svg+xml,')}.luna-dom-highlighter-element-description{flex:1
1;font-weight:700;word-wrap:break-word;word-break:break-all}.luna-dom-highlighter-dimensions{color:#737373;text-align:right;margin-left:10px}.luna-dom-highlighter-material-node-width{margin-right:2px}.luna-dom-highlighter-material-node-height{margin-left:2px}.luna-dom-highlighter-material-tag-name{color:#881280}.luna-dom-highlighter-material-class-name,.luna-dom-highlighter-material-node-id{color:#1a1aa6}.luna-dom-highlighter-contrast-text{width:16px;height:16px;text-align:center;line-height:16px;margin-right:8px;border:1px
solid #000;padding:0
1px}.luna-dom-highlighter-a11y-icon-not-ok{background-image:url('data:image/svg+xml,')}.luna-dom-highlighter-a11y-icon-warning{background-image:url('data:image/svg+xml,')}.luna-dom-highlighter-a11y-icon-ok{background-image:url('data:image/svg+xml,')}@media
(forced-colors:active){:root,body{background-color:transparent;forced-color-adjust:none}.luna-dom-highlighter-tooltip-content{border-color:Highlight;background-color:canvas;color:text;forced-color-adjust:none}.luna-dom-highlighter-tooltip-content::after{background-color:Highlight}.luna-dom-highlighter-color-swatch-inner,.luna-dom-highlighter-contrast-text,.luna-dom-highlighter-separator{border-color:Highlight}.luna-dom-highlighter-section-name{color:Highlight}.luna-dom-highlighter-dimensions,.luna-dom-highlighter-element-info-name,.luna-dom-highlighter-element-info-value-color,.luna-dom-highlighter-element-info-value-contrast,.luna-dom-highlighter-element-info-value-icon,.luna-dom-highlighter-element-info-value-text,.luna-dom-highlighter-material-class-name,.luna-dom-highlighter-material-node-id,.luna-dom-highlighter-material-tag-name{color:canvastext}}.luna-dom-highlighter{z-index:2147483647;}
"
`;

exports[`templates > 'weapp-vite-tailwindcss-template' > wxml 1`] = `
"<view class="min-h-screen bg-gray-100 text-slate-800 transition-colors duration-500">
  <view class="flex flex-col items-center pt-20 space-y-10">
    <view class="flex space-x-8">
      <view class="w-24 h-24 bg-_url_httpscssvitedicebreakerdtopslogodpng__ bg-_lengthc100p_100p_ bg-no-repeat"></view>
      <view class="w-32 h-24 bg-_url_httpscssvitedicebreakerdtopstw-logodpng__ bg-_lengthc100p_100p_ bg-no-repeat"></view>
    </view>
    <view class="bg-gradient-to-r from-green-400 to-sky-400 bg-clip-text text-xl font-extrabold text-transparent underline">weapp-vite &amp; weapp-tailwindcss</view>
    <view class="i-mdi-moon-waxing-crescent text-8xl"></view>
    <view class="underline">https://vite.icebreaker.top</view>
    <view class="underline">https://tw.icebreaker.top/</view>
  </view>
</view>
.luna-dom-highlighter{position:fixed;left:0;top:0;width:100%;height:100%;z-index:100000;pointer-events:none;font-size:13px}.luna-dom-highlighter-fill{position:absolute;top:0;right:0;bottom:0;left:0}.luna-dom-highlighter-platform-linux{font-family:Roboto,Ubuntu,Arial,sans-serif}.luna-dom-highlighter-platform-mac{color:#303942;font-family:'.SFNSDisplay-Regular','Helvetica
Neue','Lucida Grande',sans-serif}.luna-dom-highlighter-platform-windows{font-family:'Segoe
UI',Tahoma,sans-serif}.luna-dom-highlighter-px{color:gray}#luna-dom-highlighter-element-title{position:absolute;z-index:10}.luna-dom-highlighter-tooltip-content{position:absolute;-webkit-user-select:none;-moz-user-select:none;user-select:none;background-color:#fff;padding:5px
8px;border:1px solid #fff;border-radius:3px;box-sizing:border-box;min-width:100px;max-width:min(300px,100% -
4px);z-index:2;background-clip:padding-box;will-change:transform;text-rendering:optimizeLegibility;pointer-events:none;filter:drop-shadow(0 2px 4px
rgba(0,0,0,.35))}.luna-dom-highlighter-tooltip-content
.luna-dom-highlighter-tooltip-arrow{background:#fff;width:15px;height:8px;position:absolute}.luna-dom-highlighter-element-info-section{margin-top:12px;margin-bottom:6px}.luna-dom-highlighter-section-name{color:#333;font-weight:500;font-size:10px;text-transform:uppercase;letter-spacing:.05em;line-height:12px}.luna-dom-highlighter-element-info{display:flex;flex-direction:column}.luna-dom-highlighter-element-info-header{display:flex;align-items:center}.luna-dom-highlighter-element-info-body{display:flex;flex-direction:column;padding-top:2px;margin-top:2px}.luna-dom-highlighter-element-info-row{display:flex;line-height:19px}.luna-dom-highlighter-separator-container{display:flex;align-items:center;flex:auto;margin-left:7px}.luna-dom-highlighter-separator{border-top:1px
solid
#ddd;width:100%}.luna-dom-highlighter-element-info-name{flex-shrink:0;color:#666}.luna-dom-highlighter-element-info-gap{flex:auto}.luna-dom-highlighter-element-info-value-color{display:flex;color:#303942;margin-left:10px;align-items:baseline}.luna-dom-highlighter-a11y-icon{width:16px;height:16px;background-repeat:no-repeat;display:inline-block}.luna-dom-highlighter-element-info-value-contrast{display:flex;align-items:center;text-align:right;color:#303942;margin-left:10px}.luna-dom-highlighter-element-info-value-contrast
.luna-dom-highlighter-a11y-icon{margin-left:8px}.luna-dom-highlighter-element-info-value-icon{display:flex;align-items:center}.luna-dom-highlighter-element-info-value-text{text-align:right;color:#303942;margin-left:10px;align-items:baseline;overflow:hidden;text-overflow:ellipsis;white-space:nowrap}.luna-dom-highlighter-color-swatch{display:flex;margin-right:2px;width:10px;height:10px;background-image:url(data:image/png;base64,iVBORw0KGgoAAAANSUhEUgAAAAwAAAAMCAIAAADZF8uwAAAAGUlEQVQYV2M4gwH+YwCGIasIUwhT25BVBADtzYNYrHvv4gAAAABJRU5ErkJggg==);line-height:10px}.luna-dom-highlighter-color-swatch-inner{flex:auto;border:1px
solid
#808002}.luna-dom-highlighter-element-layout-type{margin-right:10px;width:16px;height:16px}.luna-dom-highlighter-element-layout-type.luna-dom-highlighter-grid{background-image:url('data:image/svg+xml,')}.luna-dom-highlighter-element-layout-type.luna-dom-highlighter-flex{background-image:url('data:image/svg+xml,')}.luna-dom-highlighter-element-description{flex:1
1;font-weight:700;word-wrap:break-word;word-break:break-all}.luna-dom-highlighter-dimensions{color:#737373;text-align:right;margin-left:10px}.luna-dom-highlighter-material-node-width{margin-right:2px}.luna-dom-highlighter-material-node-height{margin-left:2px}.luna-dom-highlighter-material-tag-name{color:#881280}.luna-dom-highlighter-material-class-name,.luna-dom-highlighter-material-node-id{color:#1a1aa6}.luna-dom-highlighter-contrast-text{width:16px;height:16px;text-align:center;line-height:16px;margin-right:8px;border:1px
solid #000;padding:0
1px}.luna-dom-highlighter-a11y-icon-not-ok{background-image:url('data:image/svg+xml,')}.luna-dom-highlighter-a11y-icon-warning{background-image:url('data:image/svg+xml,')}.luna-dom-highlighter-a11y-icon-ok{background-image:url('data:image/svg+xml,')}@media
(forced-colors:active){:root,body{background-color:transparent;forced-color-adjust:none}.luna-dom-highlighter-tooltip-content{border-color:Highlight;background-color:canvas;color:text;forced-color-adjust:none}.luna-dom-highlighter-tooltip-content::after{background-color:Highlight}.luna-dom-highlighter-color-swatch-inner,.luna-dom-highlighter-contrast-text,.luna-dom-highlighter-separator{border-color:Highlight}.luna-dom-highlighter-section-name{color:Highlight}.luna-dom-highlighter-dimensions,.luna-dom-highlighter-element-info-name,.luna-dom-highlighter-element-info-value-color,.luna-dom-highlighter-element-info-value-contrast,.luna-dom-highlighter-element-info-value-icon,.luna-dom-highlighter-element-info-value-text,.luna-dom-highlighter-material-class-name,.luna-dom-highlighter-material-node-id,.luna-dom-highlighter-material-tag-name{color:canvastext}}.luna-dom-highlighter{z-index:2147483647;}
"
`;

exports[`templates > 'weapp-vite-tailwindcss-vant-template' > wxml 1`] = `
"<view class="min-h-screen bg-gray-100 text-slate-800 transition-colors duration-500">
  <view class="flex flex-col items-center pt-20 space-y-10">
    <view class="flex space-x-8">
      <view class="w-24 h-24 bg-_url_httpscssvitedicebreakerdtopslogodpng__ bg-_lengthc100p_100p_ bg-no-repeat"></view>
      <view class="w-32 h-24 bg-_url_httpscssvitedicebreakerdtopstw-logodpng__ bg-_lengthc100p_100p_ bg-no-repeat"></view>
    </view>
    <view class="bg-gradient-to-r from-green-400 to-sky-400 bg-clip-text text-xl font-extrabold text-transparent underline">weapp-vite &amp; weapp-tailwindcss</view>
    <view class="i-mdi-moon-waxing-crescent text-8xl"></view>
    <view class="underline">https://vite.icebreaker.top</view>
    <view class="underline">https://tw.icebreaker.top/</view>
    <view>
      <van-button is="miniprogram_npm/@vant/weapp/button/index">
        <button
          app-parameter=""
          business-id=""
          class="van-button button-index--van-button van-button--default button-index--van-button--default van-button--normal button-index--van-button--normal"
          data-detail="null"
          form-type=""
          hover-class="van-button--active hover-class"
          lang=""
          open-type=""
          send-message-img=""
          send-message-path=""
          send-message-title=""
          session-from=""
          style=""
          role="button"
          aria-disabled="false">
          <view class="van-button__text button-index--van-button__text">Vant 按钮</view>
        </button>
      </van-button>
    </view>
  </view>
</view>
<van-dialog is="miniprogram_npm/@vant/weapp/dialog/index" id="van-dialog">
  <van-popup is="miniprogram_npm/@vant/weapp/popup/index">
    <van-overlay is="miniprogram_npm/@vant/weapp/overlay/index"><van-transition is="miniprogram_npm/@vant/weapp/transition/index"></van-transition></van-overlay>
  </van-popup>
</van-dialog>
.luna-dom-highlighter{position:fixed;left:0;top:0;width:100%;height:100%;z-index:100000;pointer-events:none;font-size:13px}.luna-dom-highlighter-fill{position:absolute;top:0;right:0;bottom:0;left:0}.luna-dom-highlighter-platform-linux{font-family:Roboto,Ubuntu,Arial,sans-serif}.luna-dom-highlighter-platform-mac{color:#303942;font-family:'.SFNSDisplay-Regular','Helvetica
Neue','Lucida Grande',sans-serif}.luna-dom-highlighter-platform-windows{font-family:'Segoe
UI',Tahoma,sans-serif}.luna-dom-highlighter-px{color:gray}#luna-dom-highlighter-element-title{position:absolute;z-index:10}.luna-dom-highlighter-tooltip-content{position:absolute;-webkit-user-select:none;-moz-user-select:none;user-select:none;background-color:#fff;padding:5px
8px;border:1px solid #fff;border-radius:3px;box-sizing:border-box;min-width:100px;max-width:min(300px,100% -
4px);z-index:2;background-clip:padding-box;will-change:transform;text-rendering:optimizeLegibility;pointer-events:none;filter:drop-shadow(0 2px 4px
rgba(0,0,0,.35))}.luna-dom-highlighter-tooltip-content
.luna-dom-highlighter-tooltip-arrow{background:#fff;width:15px;height:8px;position:absolute}.luna-dom-highlighter-element-info-section{margin-top:12px;margin-bottom:6px}.luna-dom-highlighter-section-name{color:#333;font-weight:500;font-size:10px;text-transform:uppercase;letter-spacing:.05em;line-height:12px}.luna-dom-highlighter-element-info{display:flex;flex-direction:column}.luna-dom-highlighter-element-info-header{display:flex;align-items:center}.luna-dom-highlighter-element-info-body{display:flex;flex-direction:column;padding-top:2px;margin-top:2px}.luna-dom-highlighter-element-info-row{display:flex;line-height:19px}.luna-dom-highlighter-separator-container{display:flex;align-items:center;flex:auto;margin-left:7px}.luna-dom-highlighter-separator{border-top:1px
solid
#ddd;width:100%}.luna-dom-highlighter-element-info-name{flex-shrink:0;color:#666}.luna-dom-highlighter-element-info-gap{flex:auto}.luna-dom-highlighter-element-info-value-color{display:flex;color:#303942;margin-left:10px;align-items:baseline}.luna-dom-highlighter-a11y-icon{width:16px;height:16px;background-repeat:no-repeat;display:inline-block}.luna-dom-highlighter-element-info-value-contrast{display:flex;align-items:center;text-align:right;color:#303942;margin-left:10px}.luna-dom-highlighter-element-info-value-contrast
.luna-dom-highlighter-a11y-icon{margin-left:8px}.luna-dom-highlighter-element-info-value-icon{display:flex;align-items:center}.luna-dom-highlighter-element-info-value-text{text-align:right;color:#303942;margin-left:10px;align-items:baseline;overflow:hidden;text-overflow:ellipsis;white-space:nowrap}.luna-dom-highlighter-color-swatch{display:flex;margin-right:2px;width:10px;height:10px;background-image:url(data:image/png;base64,iVBORw0KGgoAAAANSUhEUgAAAAwAAAAMCAIAAADZF8uwAAAAGUlEQVQYV2M4gwH+YwCGIasIUwhT25BVBADtzYNYrHvv4gAAAABJRU5ErkJggg==);line-height:10px}.luna-dom-highlighter-color-swatch-inner{flex:auto;border:1px
solid
#808002}.luna-dom-highlighter-element-layout-type{margin-right:10px;width:16px;height:16px}.luna-dom-highlighter-element-layout-type.luna-dom-highlighter-grid{background-image:url('data:image/svg+xml,')}.luna-dom-highlighter-element-layout-type.luna-dom-highlighter-flex{background-image:url('data:image/svg+xml,')}.luna-dom-highlighter-element-description{flex:1
1;font-weight:700;word-wrap:break-word;word-break:break-all}.luna-dom-highlighter-dimensions{color:#737373;text-align:right;margin-left:10px}.luna-dom-highlighter-material-node-width{margin-right:2px}.luna-dom-highlighter-material-node-height{margin-left:2px}.luna-dom-highlighter-material-tag-name{color:#881280}.luna-dom-highlighter-material-class-name,.luna-dom-highlighter-material-node-id{color:#1a1aa6}.luna-dom-highlighter-contrast-text{width:16px;height:16px;text-align:center;line-height:16px;margin-right:8px;border:1px
solid #000;padding:0
1px}.luna-dom-highlighter-a11y-icon-not-ok{background-image:url('data:image/svg+xml,')}.luna-dom-highlighter-a11y-icon-warning{background-image:url('data:image/svg+xml,')}.luna-dom-highlighter-a11y-icon-ok{background-image:url('data:image/svg+xml,')}@media
(forced-colors:active){:root,body{background-color:transparent;forced-color-adjust:none}.luna-dom-highlighter-tooltip-content{border-color:Highlight;background-color:canvas;color:text;forced-color-adjust:none}.luna-dom-highlighter-tooltip-content::after{background-color:Highlight}.luna-dom-highlighter-color-swatch-inner,.luna-dom-highlighter-contrast-text,.luna-dom-highlighter-separator{border-color:Highlight}.luna-dom-highlighter-section-name{color:Highlight}.luna-dom-highlighter-dimensions,.luna-dom-highlighter-element-info-name,.luna-dom-highlighter-element-info-value-color,.luna-dom-highlighter-element-info-value-contrast,.luna-dom-highlighter-element-info-value-icon,.luna-dom-highlighter-element-info-value-text,.luna-dom-highlighter-material-class-name,.luna-dom-highlighter-material-node-id,.luna-dom-highlighter-material-tag-name{color:canvastext}}.luna-dom-highlighter{z-index:2147483647;}
"
`;

exports[`templates > 'weapp-vite-template' > wxml 1`] = `
"<view>
  <hello-world is="components/HelloWorld/HelloWorld"><view class="hello-card">
  <view class="hello-title">{{title}}</view>
  <view class="hello-body">{{description}}</view>
  <view wx:if="{{links.length}}" class="hello-actions">
    <view wx:for="{{links}}" wx:key="url" class="hello-button {{item.variant === 'ghost' ? 'hello-button--ghost' : ''}}" data-url="{{item.url}}" bindtap="copyLink">
      {{item.text}}
    </view>
  </view>
  <view wx:if="{{links.length}}" class="hello-tip">复制后即可在浏览器中打开对应链接</view>
</view></hello-world>
  <view>Hello World From Weapp-vite!</view>
</view>
.luna-dom-highlighter{position:fixed;left:0;top:0;width:100%;height:100%;z-index:100000;pointer-events:none;font-size:13px}.luna-dom-highlighter-fill{position:absolute;top:0;right:0;bottom:0;left:0}.luna-dom-highlighter-platform-linux{font-family:Roboto,Ubuntu,Arial,sans-serif}.luna-dom-highlighter-platform-mac{color:#303942;font-family:'.SFNSDisplay-Regular','Helvetica
Neue','Lucida Grande',sans-serif}.luna-dom-highlighter-platform-windows{font-family:'Segoe
UI',Tahoma,sans-serif}.luna-dom-highlighter-px{color:gray}#luna-dom-highlighter-element-title{position:absolute;z-index:10}.luna-dom-highlighter-tooltip-content{position:absolute;-webkit-user-select:none;-moz-user-select:none;user-select:none;background-color:#fff;padding:5px
8px;border:1px solid #fff;border-radius:3px;box-sizing:border-box;min-width:100px;max-width:min(300px,100% -
4px);z-index:2;background-clip:padding-box;will-change:transform;text-rendering:optimizeLegibility;pointer-events:none;filter:drop-shadow(0 2px 4px
rgba(0,0,0,.35))}.luna-dom-highlighter-tooltip-content
.luna-dom-highlighter-tooltip-arrow{background:#fff;width:15px;height:8px;position:absolute}.luna-dom-highlighter-element-info-section{margin-top:12px;margin-bottom:6px}.luna-dom-highlighter-section-name{color:#333;font-weight:500;font-size:10px;text-transform:uppercase;letter-spacing:.05em;line-height:12px}.luna-dom-highlighter-element-info{display:flex;flex-direction:column}.luna-dom-highlighter-element-info-header{display:flex;align-items:center}.luna-dom-highlighter-element-info-body{display:flex;flex-direction:column;padding-top:2px;margin-top:2px}.luna-dom-highlighter-element-info-row{display:flex;line-height:19px}.luna-dom-highlighter-separator-container{display:flex;align-items:center;flex:auto;margin-left:7px}.luna-dom-highlighter-separator{border-top:1px
solid
#ddd;width:100%}.luna-dom-highlighter-element-info-name{flex-shrink:0;color:#666}.luna-dom-highlighter-element-info-gap{flex:auto}.luna-dom-highlighter-element-info-value-color{display:flex;color:#303942;margin-left:10px;align-items:baseline}.luna-dom-highlighter-a11y-icon{width:16px;height:16px;background-repeat:no-repeat;display:inline-block}.luna-dom-highlighter-element-info-value-contrast{display:flex;align-items:center;text-align:right;color:#303942;margin-left:10px}.luna-dom-highlighter-element-info-value-contrast
.luna-dom-highlighter-a11y-icon{margin-left:8px}.luna-dom-highlighter-element-info-value-icon{display:flex;align-items:center}.luna-dom-highlighter-element-info-value-text{text-align:right;color:#303942;margin-left:10px;align-items:baseline;overflow:hidden;text-overflow:ellipsis;white-space:nowrap}.luna-dom-highlighter-color-swatch{display:flex;margin-right:2px;width:10px;height:10px;background-image:url(data:image/png;base64,iVBORw0KGgoAAAANSUhEUgAAAAwAAAAMCAIAAADZF8uwAAAAGUlEQVQYV2M4gwH+YwCGIasIUwhT25BVBADtzYNYrHvv4gAAAABJRU5ErkJggg==);line-height:10px}.luna-dom-highlighter-color-swatch-inner{flex:auto;border:1px
solid
#808002}.luna-dom-highlighter-element-layout-type{margin-right:10px;width:16px;height:16px}.luna-dom-highlighter-element-layout-type.luna-dom-highlighter-grid{background-image:url('data:image/svg+xml,')}.luna-dom-highlighter-element-layout-type.luna-dom-highlighter-flex{background-image:url('data:image/svg+xml,')}.luna-dom-highlighter-element-description{flex:1
1;font-weight:700;word-wrap:break-word;word-break:break-all}.luna-dom-highlighter-dimensions{color:#737373;text-align:right;margin-left:10px}.luna-dom-highlighter-material-node-width{margin-right:2px}.luna-dom-highlighter-material-node-height{margin-left:2px}.luna-dom-highlighter-material-tag-name{color:#881280}.luna-dom-highlighter-material-class-name,.luna-dom-highlighter-material-node-id{color:#1a1aa6}.luna-dom-highlighter-contrast-text{width:16px;height:16px;text-align:center;line-height:16px;margin-right:8px;border:1px
solid #000;padding:0
1px}.luna-dom-highlighter-a11y-icon-not-ok{background-image:url('data:image/svg+xml,')}.luna-dom-highlighter-a11y-icon-warning{background-image:url('data:image/svg+xml,')}.luna-dom-highlighter-a11y-icon-ok{background-image:url('data:image/svg+xml,')}@media
(forced-colors:active){:root,body{background-color:transparent;forced-color-adjust:none}.luna-dom-highlighter-tooltip-content{border-color:Highlight;background-color:canvas;color:text;forced-color-adjust:none}.luna-dom-highlighter-tooltip-content::after{background-color:Highlight}.luna-dom-highlighter-color-swatch-inner,.luna-dom-highlighter-contrast-text,.luna-dom-highlighter-separator{border-color:Highlight}.luna-dom-highlighter-section-name{color:Highlight}.luna-dom-highlighter-dimensions,.luna-dom-highlighter-element-info-name,.luna-dom-highlighter-element-info-value-color,.luna-dom-highlighter-element-info-value-contrast,.luna-dom-highlighter-element-info-value-icon,.luna-dom-highlighter-element-info-value-text,.luna-dom-highlighter-material-class-name,.luna-dom-highlighter-material-node-id,.luna-dom-highlighter-material-tag-name{color:canvastext}}.luna-dom-highlighter{z-index:2147483647;}
"
`;
