// Vitest Snapshot v1, https://vitest.dev/guide/snapshot.html

exports[`asset > scanFiles 1`] = `
[
  "app.js",
  "app.json",
  "app.wxss",
  "assets/index.aac",
  "assets/index.bitch",
  "assets/index.cer",
  "assets/index.cert",
  "assets/index.fuck",
  "assets/index.gif",
  "assets/index.jpeg",
  "assets/index.jpg",
  "assets/index.m4a",
  "assets/index.mp3",
  "assets/index.mp4",
  "assets/index.ogg",
  "assets/index.png",
  "assets/index.silk",
  "assets/index.svg",
  "assets/index.wasm",
  "assets/index.wav",
  "common.js",
  "components/Navbar/Navbar.js",
  "components/Navbar/Navbar.json",
  "components/Navbar/Navbar.wxml",
  "components/Navbar/Navbar.wxss",
  "miniprogram_npm/buffer/index.js",
  "miniprogram_npm/gm-crypto/index.js",
  "packageA/common.js",
  "packageA/index.js",
  "packageA/pages/cat.js",
  "packageA/pages/cat.json",
  "packageA/pages/cat.wxml",
  "packageA/pages/cat.wxss",
  "packageA/pages/dog.js",
  "packageA/pages/dog.wxml",
  "packageA/pages/dog.wxss",
  "packageB/assets/index.aac",
  "packageB/assets/index.bitch",
  "packageB/assets/index.cer",
  "packageB/assets/index.cert",
  "packageB/assets/index.fuck",
  "packageB/assets/index.gif",
  "packageB/assets/index.jpeg",
  "packageB/assets/index.jpg",
  "packageB/assets/index.m4a",
  "packageB/assets/index.mp3",
  "packageB/assets/index.mp4",
  "packageB/assets/index.ogg",
  "packageB/assets/index.png",
  "packageB/assets/index.silk",
  "packageB/assets/index.svg",
  "packageB/assets/index.wasm",
  "packageB/assets/index.wav",
  "packageB/index.js",
  "packageB/miniprogram_npm/buffer/index.js",
  "packageB/miniprogram_npm/gm-crypto/index.js",
  "packageB/pages/apple.js",
  "packageB/pages/apple.json",
  "packageB/pages/apple.wxml",
  "packageB/pages/banana.js",
  "packageB/pages/banana.wxml",
  "packageB/util.js",
  "pages/index/index.js",
  "pages/index/index.json",
  "pages/index/index.wxml",
  "pages/index/index.wxss",
  "rolldown-runtime.js",
  "sitemap.json",
  "theme.json",
]
`;

exports[`asset > scanFiles 2`] = `
Map {
  "packageB" => {
    "entries": [
      "packageB/pages/apple",
      "packageB/pages/banana",
      "packageB/index",
    ],
    "styleEntries": undefined,
    "subPackage": {
      "dependencies": undefined,
      "entry": "index.js",
      "independent": true,
      "inlineConfig": undefined,
      "name": "pack2",
      "pages": [
        "pages/apple",
        "pages/banana",
      ],
      "root": "packageB",
    },
  },
}
`;
