// Vitest Snapshot v1, https://vitest.dev/guide/snapshot.html

exports[`subPackages-dependencies > scanFiles 1`] = `
[
  "app.js",
  "app.json",
  "app.wxss",
  "components/Navbar/Navbar.js",
  "components/Navbar/Navbar.json",
  "components/Navbar/Navbar.wxml",
  "components/Navbar/Navbar.wxss",
  "miniprogram_npm/buffer/index.js",
  "miniprogram_npm/class-variance-authority/index.js",
  "miniprogram_npm/clsx/index.js",
  "miniprogram_npm/dayjs/index.js",
  "miniprogram_npm/gm-crypto/index.js",
  "packageA/index.js",
  "packageA/pages/cat.js",
  "packageA/pages/cat.json",
  "packageA/pages/cat.wxml",
  "packageA/pages/cat.wxss",
  "packageA/pages/dog.js",
  "packageA/pages/dog.wxml",
  "packageA/pages/dog.wxss",
  "packageB/index.js",
  "packageB/miniprogram_npm/buffer/index.js",
  "packageB/miniprogram_npm/class-variance-authority/index.js",
  "packageB/miniprogram_npm/gm-crypto/index.js",
  "packageB/pages/apple.js",
  "packageB/pages/apple.json",
  "packageB/pages/apple.wxml",
  "packageB/pages/banana.js",
  "packageB/pages/banana.wxml",
  "packageB/util.js",
  "pages/index/index.js",
  "pages/index/index.json",
  "pages/index/index.wxml",
  "pages/index/index.wxss",
  "rolldown-runtime.js",
  "sitemap.json",
  "theme.json",
  "vendors.js",
]
`;

exports[`subPackages-dependencies > scanFiles 2`] = `
Map {
  "packageB" => {
    "entries": [
      "packageB/pages/apple",
      "packageB/pages/banana",
      "packageB/index",
    ],
    "subPackage": {
      "dependencies": [
        "class-variance-authority",
        "buffer",
        "gm-crypto",
      ],
      "entry": "index.js",
      "independent": true,
      "inlineConfig": undefined,
      "name": "pack2",
      "pages": [
        "pages/apple",
        "pages/banana",
      ],
      "root": "packageB",
    },
  },
}
`;
