// Vitest Snapshot v1, https://vitest.dev/guide/snapshot.html

exports[`templates > should  1`] = `
[
  "default/.editorconfig",
  "default/.gitignore",
  "default/.vscode/settings.json",
  "default/package.json",
  "default/project.config.json",
  "default/project.private.config.json",
  "default/public/logo.png",
  "default/README.md",
  "default/src/app.json",
  "default/src/app.scss",
  "default/src/app.ts",
  "default/src/components/Navbar/Navbar.json",
  "default/src/components/Navbar/Navbar.scss",
  "default/src/components/Navbar/Navbar.ts",
  "default/src/components/Navbar/Navbar.wxml",
  "default/src/pages/index/index.scss",
  "default/src/pages/index/index.ts",
  "default/src/pages/index/index.wxml",
  "default/src/sitemap.json",
  "default/src/theme.json",
  "default/src/utils/util.ts",
  "default/src/vite-env.d.ts",
  "default/tsconfig.json",
  "default/tsconfig.node.json",
  "default/vite.config.ts",
  "tailwindcss/.editorconfig",
  "tailwindcss/.gitignore",
  "tailwindcss/.vscode/settings.json",
  "tailwindcss/package.json",
  "tailwindcss/postcss.config.js",
  "tailwindcss/project.config.json",
  "tailwindcss/project.private.config.json",
  "tailwindcss/public/icon0.png",
  "tailwindcss/public/icon0s.png",
  "tailwindcss/public/icon1.png",
  "tailwindcss/public/icon1s.png",
  "tailwindcss/public/logo.png",
  "tailwindcss/README.md",
  "tailwindcss/src/app.json",
  "tailwindcss/src/app.scss",
  "tailwindcss/src/app.ts",
  "tailwindcss/src/components/Navbar/Navbar.json",
  "tailwindcss/src/components/Navbar/Navbar.scss",
  "tailwindcss/src/components/Navbar/Navbar.ts",
  "tailwindcss/src/components/Navbar/Navbar.wxml",
  "tailwindcss/src/pages/index/index.json",
  "tailwindcss/src/pages/index/index.scss",
  "tailwindcss/src/pages/index/index.ts",
  "tailwindcss/src/pages/index/index.wxml",
  "tailwindcss/src/pages/profile/index.scss",
  "tailwindcss/src/pages/profile/index.ts",
  "tailwindcss/src/pages/profile/index.wxml",
  "tailwindcss/src/sitemap.json",
  "tailwindcss/src/theme.json",
  "tailwindcss/src/utils/util.ts",
  "tailwindcss/src/vite-env.d.ts",
  "tailwindcss/tailwind.config.ts",
  "tailwindcss/tsconfig.json",
  "tailwindcss/tsconfig.node.json",
  "tailwindcss/vite.config.ts",
  "tdesign/.editorconfig",
  "tdesign/.gitignore",
  "tdesign/.vscode/settings.json",
  "tdesign/package.json",
  "tdesign/postcss.config.js",
  "tdesign/project.config.json",
  "tdesign/project.private.config.json",
  "tdesign/public/logo.png",
  "tdesign/README.md",
  "tdesign/src/app.json",
  "tdesign/src/app.scss",
  "tdesign/src/app.ts",
  "tdesign/src/components/Navbar/Navbar.json",
  "tdesign/src/components/Navbar/Navbar.scss",
  "tdesign/src/components/Navbar/Navbar.ts",
  "tdesign/src/components/Navbar/Navbar.wxml",
  "tdesign/src/pages/index/index.json",
  "tdesign/src/pages/index/index.scss",
  "tdesign/src/pages/index/index.ts",
  "tdesign/src/pages/index/index.wxml",
  "tdesign/src/sitemap.json",
  "tdesign/src/theme.json",
  "tdesign/src/utils/util.ts",
  "tdesign/src/vite-env.d.ts",
  "tdesign/tailwind.config.ts",
  "tdesign/tsconfig.json",
  "tdesign/tsconfig.node.json",
  "tdesign/vite.config.ts",
  "vant/.editorconfig",
  "vant/.gitignore",
  "vant/.vscode/settings.json",
  "vant/package.json",
  "vant/postcss.config.js",
  "vant/project.config.json",
  "vant/project.private.config.json",
  "vant/public/logo.png",
  "vant/README.md",
  "vant/src/app.json",
  "vant/src/app.scss",
  "vant/src/app.ts",
  "vant/src/components/Navbar/Navbar.json",
  "vant/src/components/Navbar/Navbar.scss",
  "vant/src/components/Navbar/Navbar.ts",
  "vant/src/components/Navbar/Navbar.wxml",
  "vant/src/pages/index/index.json",
  "vant/src/pages/index/index.scss",
  "vant/src/pages/index/index.ts",
  "vant/src/pages/index/index.wxml",
  "vant/src/sitemap.json",
  "vant/src/theme.json",
  "vant/src/utils/util.ts",
  "vant/src/vite-env.d.ts",
  "vant/tailwind.config.ts",
  "vant/tsconfig.json",
  "vant/tsconfig.node.json",
  "vant/vite.config.ts",
]
`;
